matches the snapshot:
  1: |
    apiVersion: v1
    data:
      my.value: test
    kind: ConfigMap
    metadata:
      labels:
        app: test-configmap
        appVersion: ""
        chart: with-subchart-1.2.3
        heritage: Helm
        release: RELEASE-NAME
      name: test-configmap
    spec:
      appVersion: null
      version: 1.2.3
